// Jest Snapshot v1, https://goo.gl/fbAQLP

exports[`Pruebas en el componente CocktailItem Debe hacer match con el snapshot 1`] = `
<div>
  <div
    class="card"
  >
    <p>
      party
    </p>
    <img
      alt="party"
      src="https://party.com/"
    />
  </div>
</div>
`;
